[debug] [2026-01-26T21:19:05.092Z] ----------------------------------------------------------------------
[debug] [2026-01-26T21:19:05.095Z] Command:       C:\Program Files\nodejs\node.exe C:\Users\User1\AppData\Roaming\npm\node_modules\firebase-tools\lib\bin\firebase.js functions:secrets:set RESEND_API_KEY
[debug] [2026-01-26T21:19:05.096Z] CLI Version:   15.1.0
[debug] [2026-01-26T21:19:05.096Z] Platform:      win32
[debug] [2026-01-26T21:19:05.096Z] Node Version:  v22.18.0
[debug] [2026-01-26T21:19:05.097Z] Time:          Mon Jan 26 2026 22:19:05 GMT+0100 (Ora standard dell’Europa centrale)
[debug] [2026-01-26T21:19:05.097Z] ----------------------------------------------------------------------
[debug] 
[debug] [2026-01-26T21:19:05.100Z] >>> [apiv2][query] GET https://firebase-public.firebaseio.com/cli.json [none]
[debug] [2026-01-26T21:19:05.473Z] > command requires scopes: ["email","openid","https://www.googleapis.com/auth/cloudplatformprojects.readonly","https://www.googleapis.com/auth/firebase","https://www.googleapis.com/auth/cloud-platform"]
[debug] [2026-01-26T21:19:05.473Z] > authorizing via signed-in user (jschenetti@gmail.com)
[debug] [2026-01-26T21:19:05.474Z] Checked if tokens are valid: false, expires at: 1769454361258
[debug] [2026-01-26T21:19:05.474Z] Checked if tokens are valid: false, expires at: 1769454361258
[debug] [2026-01-26T21:19:05.474Z] > refreshing access token with scopes: []
[debug] [2026-01-26T21:19:05.477Z] >>> [apiv2][query] POST https://www.googleapis.com/oauth2/v3/token [none]
[debug] [2026-01-26T21:19:05.477Z] >>> [apiv2][body] POST https://www.googleapis.com/oauth2/v3/token [omitted]
[debug] [2026-01-26T21:19:05.777Z] <<< [apiv2][status] POST https://www.googleapis.com/oauth2/v3/token 200
[debug] [2026-01-26T21:19:05.777Z] <<< [apiv2][body] POST https://www.googleapis.com/oauth2/v3/token [omitted]
[debug] [2026-01-26T21:19:05.785Z] >>> [apiv2][query] GET https://serviceusage.googleapis.com/v1/projects/equippe-271f5/services/secretmanager.googleapis.com [none]
[debug] [2026-01-26T21:19:05.785Z] >>> [apiv2][(partial)header] GET https://serviceusage.googleapis.com/v1/projects/equippe-271f5/services/secretmanager.googleapis.com x-goog-quota-user=projects/equippe-271f5
[debug] [2026-01-26T21:19:05.926Z] <<< [apiv2][status] GET https://firebase-public.firebaseio.com/cli.json 200
[debug] [2026-01-26T21:19:05.926Z] <<< [apiv2][body] GET https://firebase-public.firebaseio.com/cli.json {"cloudBuildErrorAfter":1594252800000,"cloudBuildWarnAfter":1590019200000,"defaultNode10After":1594252800000,"minVersion":"3.0.5","node8DeploysDisabledAfter":1613390400000,"node8RuntimeDisabledAfter":1615809600000,"node8WarnAfter":1600128000000}
[debug] [2026-01-26T21:19:06.932Z] <<< [apiv2][status] GET https://serviceusage.googleapis.com/v1/projects/equippe-271f5/services/secretmanager.googleapis.com 200
[debug] [2026-01-26T21:19:06.932Z] <<< [apiv2][body] GET https://serviceusage.googleapis.com/v1/projects/equippe-271f5/services/secretmanager.googleapis.com [omitted]
[debug] [2026-01-26T21:19:06.934Z] Checked if tokens are valid: true, expires at: 1769465944777
[debug] [2026-01-26T21:19:06.934Z] Checked if tokens are valid: true, expires at: 1769465944777
[debug] [2026-01-26T21:19:06.935Z] >>> [apiv2][query] POST https://serviceusage.googleapis.com/v1/projects/equippe-271f5/services/secretmanager.googleapis.com:enable [none]
[debug] [2026-01-26T21:19:06.935Z] >>> [apiv2][(partial)header] POST https://serviceusage.googleapis.com/v1/projects/equippe-271f5/services/secretmanager.googleapis.com:enable x-goog-quota-user=projects/equippe-271f5
[debug] [2026-01-26T21:19:07.971Z] <<< [apiv2][status] POST https://serviceusage.googleapis.com/v1/projects/equippe-271f5/services/secretmanager.googleapis.com:enable 200
[debug] [2026-01-26T21:19:07.972Z] <<< [apiv2][body] POST https://serviceusage.googleapis.com/v1/projects/equippe-271f5/services/secretmanager.googleapis.com:enable [omitted]
[debug] [2026-01-26T21:19:17.986Z] > command requires scopes: ["email","openid","https://www.googleapis.com/auth/cloudplatformprojects.readonly","https://www.googleapis.com/auth/firebase","https://www.googleapis.com/auth/cloud-platform"]
[debug] [2026-01-26T21:19:17.986Z] > authorizing via signed-in user (jschenetti@gmail.com)
[debug] [2026-01-26T21:19:17.986Z] [iam] checking project equippe-271f5 for permissions ["firebase.projects.get","secretmanager.secrets.create","secretmanager.secrets.get","secretmanager.secrets.update","secretmanager.versions.add"]
[debug] [2026-01-26T21:19:17.987Z] Checked if tokens are valid: true, expires at: 1769465944777
[debug] [2026-01-26T21:19:17.987Z] Checked if tokens are valid: true, expires at: 1769465944777
[debug] [2026-01-26T21:19:17.987Z] >>> [apiv2][query] POST https://cloudresourcemanager.googleapis.com/v1/projects/equippe-271f5:testIamPermissions [none]
[debug] [2026-01-26T21:19:17.987Z] >>> [apiv2][(partial)header] POST https://cloudresourcemanager.googleapis.com/v1/projects/equippe-271f5:testIamPermissions x-goog-quota-user=projects/equippe-271f5
[debug] [2026-01-26T21:19:17.987Z] >>> [apiv2][body] POST https://cloudresourcemanager.googleapis.com/v1/projects/equippe-271f5:testIamPermissions {"permissions":["firebase.projects.get","secretmanager.secrets.create","secretmanager.secrets.get","secretmanager.secrets.update","secretmanager.versions.add"]}
[debug] [2026-01-26T21:19:18.922Z] <<< [apiv2][status] POST https://cloudresourcemanager.googleapis.com/v1/projects/equippe-271f5:testIamPermissions 200
[debug] [2026-01-26T21:19:18.923Z] <<< [apiv2][body] POST https://cloudresourcemanager.googleapis.com/v1/projects/equippe-271f5:testIamPermissions {"permissions":["firebase.projects.get","secretmanager.secrets.create","secretmanager.secrets.get","secretmanager.secrets.update","secretmanager.versions.add"]}
[debug] [2026-01-26T21:19:18.925Z] Checked if tokens are valid: true, expires at: 1769465944777
[debug] [2026-01-26T21:19:18.925Z] Checked if tokens are valid: true, expires at: 1769465944777
[debug] [2026-01-26T21:19:18.925Z] >>> [apiv2][query] GET https://cloudresourcemanager.googleapis.com/v1/projects/equippe-271f5 [none]
[debug] [2026-01-26T21:19:19.183Z] <<< [apiv2][status] GET https://cloudresourcemanager.googleapis.com/v1/projects/equippe-271f5 200
[debug] [2026-01-26T21:19:19.183Z] <<< [apiv2][body] GET https://cloudresourcemanager.googleapis.com/v1/projects/equippe-271f5 {"projectNumber":"730568955288","projectId":"equippe-271f5","lifecycleState":"ACTIVE","name":"Equippe","labels":{"firebase":"enabled","firebase-core":"disabled"},"createTime":"2026-01-10T17:04:25.607147Z"}
[debug] [2026-01-26T21:19:19.184Z] Checked if tokens are valid: true, expires at: 1769465944777
[debug] [2026-01-26T21:19:19.184Z] Checked if tokens are valid: true, expires at: 1769465944777
[debug] [2026-01-26T21:19:19.185Z] >>> [apiv2][query] GET https://secretmanager.googleapis.com/v1/projects/equippe-271f5/secrets/RESEND_API_KEY [none]
[debug] [2026-01-26T21:19:19.645Z] <<< [apiv2][status] GET https://secretmanager.googleapis.com/v1/projects/equippe-271f5/secrets/RESEND_API_KEY 404
[debug] [2026-01-26T21:19:19.646Z] <<< [apiv2][body] GET https://secretmanager.googleapis.com/v1/projects/equippe-271f5/secrets/RESEND_API_KEY {"error":{"code":404,"message":"Secret [projects/730568955288/secrets/RESEND_API_KEY] not found.","status":"NOT_FOUND"}}
[debug] [2026-01-26T21:19:19.650Z] Checked if tokens are valid: true, expires at: 1769465944777
[debug] [2026-01-26T21:19:19.651Z] Checked if tokens are valid: true, expires at: 1769465944777
[debug] [2026-01-26T21:19:19.652Z] >>> [apiv2][query] POST https://secretmanager.googleapis.com/v1/projects/equippe-271f5/secrets secretId=RESEND_API_KEY
[debug] [2026-01-26T21:19:19.652Z] >>> [apiv2][body] POST https://secretmanager.googleapis.com/v1/projects/equippe-271f5/secrets {"name":"RESEND_API_KEY","replication":{"automatic":{}},"labels":{"firebase-managed":"functions"}}
[debug] [2026-01-26T21:19:20.296Z] <<< [apiv2][status] POST https://secretmanager.googleapis.com/v1/projects/equippe-271f5/secrets 200
[debug] [2026-01-26T21:19:20.296Z] <<< [apiv2][body] POST https://secretmanager.googleapis.com/v1/projects/equippe-271f5/secrets {"name":"projects/730568955288/secrets/RESEND_API_KEY","replication":{"automatic":{}},"createTime":"2026-01-26T21:19:19.865369Z","labels":{"firebase-managed":"functions"},"etag":"\"1649510f6de8b1\""}
