[debug] [2026-01-13T19:32:14.573Z] ----------------------------------------------------------------------
[debug] [2026-01-13T19:32:14.578Z] Command:       C:\Program Files\nodejs\node.exe C:\Users\User1\AppData\Roaming\npm\node_modules\firebase-tools\lib\bin\firebase.js deploy --only functions
[debug] [2026-01-13T19:32:14.578Z] CLI Version:   15.1.0
[debug] [2026-01-13T19:32:14.578Z] Platform:      win32
[debug] [2026-01-13T19:32:14.579Z] Node Version:  v22.18.0
[debug] [2026-01-13T19:32:14.579Z] Time:          Tue Jan 13 2026 20:32:14 GMT+0100 (Ora standard dell’Europa centrale)
[debug] [2026-01-13T19:32:14.579Z] ----------------------------------------------------------------------
[debug] 
[debug] [2026-01-13T19:32:16.436Z] > command requires scopes: ["email","openid","https://www.googleapis.com/auth/cloudplatformprojects.readonly","https://www.googleapis.com/auth/firebase","https://www.googleapis.com/auth/cloud-platform"]
[debug] [2026-01-13T19:32:16.436Z] > authorizing via signed-in user (jschenetti@gmail.com)
[debug] [2026-01-13T19:32:16.437Z] [iam] checking project equippe-271f5 for permissions ["cloudfunctions.functions.create","cloudfunctions.functions.delete","cloudfunctions.functions.get","cloudfunctions.functions.list","cloudfunctions.functions.update","cloudfunctions.operations.get","firebase.projects.get"]
[debug] [2026-01-13T19:32:16.438Z] Checked if tokens are valid: true, expires at: 1768334842243
[debug] [2026-01-13T19:32:16.438Z] Checked if tokens are valid: true, expires at: 1768334842243
[debug] [2026-01-13T19:32:16.439Z] >>> [apiv2][query] POST https://cloudresourcemanager.googleapis.com/v1/projects/equippe-271f5:testIamPermissions [none]
[debug] [2026-01-13T19:32:16.439Z] >>> [apiv2][(partial)header] POST https://cloudresourcemanager.googleapis.com/v1/projects/equippe-271f5:testIamPermissions x-goog-quota-user=projects/equippe-271f5
[debug] [2026-01-13T19:32:16.439Z] >>> [apiv2][body] POST https://cloudresourcemanager.googleapis.com/v1/projects/equippe-271f5:testIamPermissions {"permissions":["cloudfunctions.functions.create","cloudfunctions.functions.delete","cloudfunctions.functions.get","cloudfunctions.functions.list","cloudfunctions.functions.update","cloudfunctions.operations.get","firebase.projects.get"]}
[debug] [2026-01-13T19:32:17.290Z] <<< [apiv2][status] POST https://cloudresourcemanager.googleapis.com/v1/projects/equippe-271f5:testIamPermissions 200
[debug] [2026-01-13T19:32:17.290Z] <<< [apiv2][body] POST https://cloudresourcemanager.googleapis.com/v1/projects/equippe-271f5:testIamPermissions {"permissions":["cloudfunctions.functions.create","cloudfunctions.functions.delete","cloudfunctions.functions.get","cloudfunctions.functions.list","cloudfunctions.functions.update","cloudfunctions.operations.get","firebase.projects.get"]}
[debug] [2026-01-13T19:32:17.291Z] Checked if tokens are valid: true, expires at: 1768334842243
[debug] [2026-01-13T19:32:17.291Z] Checked if tokens are valid: true, expires at: 1768334842243
[debug] [2026-01-13T19:32:17.292Z] >>> [apiv2][query] POST https://iam.googleapis.com/v1/projects/equippe-271f5/serviceAccounts/equippe-271f5@appspot.gserviceaccount.com:testIamPermissions [none]
[debug] [2026-01-13T19:32:17.292Z] >>> [apiv2][body] POST https://iam.googleapis.com/v1/projects/equippe-271f5/serviceAccounts/equippe-271f5@appspot.gserviceaccount.com:testIamPermissions {"permissions":["iam.serviceAccounts.actAs"]}
[debug] [2026-01-13T19:32:18.057Z] <<< [apiv2][status] POST https://iam.googleapis.com/v1/projects/equippe-271f5/serviceAccounts/equippe-271f5@appspot.gserviceaccount.com:testIamPermissions 200
[debug] [2026-01-13T19:32:18.058Z] <<< [apiv2][body] POST https://iam.googleapis.com/v1/projects/equippe-271f5/serviceAccounts/equippe-271f5@appspot.gserviceaccount.com:testIamPermissions {"permissions":["iam.serviceAccounts.actAs"]}
[info] 
[info] === Deploying to 'equippe-271f5'...
[info] 
[info] i  deploying functions 
[debug] [2026-01-13T19:32:18.069Z] Checked if tokens are valid: true, expires at: 1768334842243
[debug] [2026-01-13T19:32:18.069Z] Checked if tokens are valid: true, expires at: 1768334842243
[debug] [2026-01-13T19:32:18.070Z] >>> [apiv2][query] GET https://cloudresourcemanager.googleapis.com/v1/projects/equippe-271f5 [none]
[debug] [2026-01-13T19:32:18.295Z] <<< [apiv2][status] GET https://cloudresourcemanager.googleapis.com/v1/projects/equippe-271f5 200
[debug] [2026-01-13T19:32:18.295Z] <<< [apiv2][body] GET https://cloudresourcemanager.googleapis.com/v1/projects/equippe-271f5 {"projectNumber":"730568955288","projectId":"equippe-271f5","lifecycleState":"ACTIVE","name":"Equippe","labels":{"firebase":"enabled","firebase-core":"disabled"},"createTime":"2026-01-10T17:04:25.607147Z"}
[info] i  functions: preparing codebase default for deployment 
[info] i  functions: ensuring required API cloudfunctions.googleapis.com is enabled... 
[info] i  functions: ensuring required API cloudbuild.googleapis.com is enabled... 
[info] i  artifactregistry: ensuring required API artifactregistry.googleapis.com is enabled... 
[debug] [2026-01-13T19:32:18.409Z] Checked if tokens are valid: true, expires at: 1768334842243
[debug] [2026-01-13T19:32:18.409Z] Checked if tokens are valid: true, expires at: 1768334842243
[debug] [2026-01-13T19:32:18.410Z] >>> [apiv2][query] GET https://firebase.googleapis.com/v1beta1/projects/equippe-271f5/adminSdkConfig [none]
[debug] [2026-01-13T19:32:19.065Z] <<< [apiv2][status] GET https://firebase.googleapis.com/v1beta1/projects/equippe-271f5/adminSdkConfig 200
[debug] [2026-01-13T19:32:19.065Z] <<< [apiv2][body] GET https://firebase.googleapis.com/v1beta1/projects/equippe-271f5/adminSdkConfig {"projectId":"equippe-271f5","storageBucket":"equippe-271f5.firebasestorage.app"}
[debug] [2026-01-13T19:32:19.066Z] Checked if tokens are valid: true, expires at: 1768334842243
[debug] [2026-01-13T19:32:19.066Z] Checked if tokens are valid: true, expires at: 1768334842243
[debug] [2026-01-13T19:32:19.067Z] >>> [apiv2][query] GET https://runtimeconfig.googleapis.com/v1beta1/projects/equippe-271f5/configs [none]
[debug] [2026-01-13T19:32:19.884Z] <<< [apiv2][status] GET https://runtimeconfig.googleapis.com/v1beta1/projects/equippe-271f5/configs 200
[debug] [2026-01-13T19:32:19.885Z] <<< [apiv2][body] GET https://runtimeconfig.googleapis.com/v1beta1/projects/equippe-271f5/configs {}
[debug] [2026-01-13T19:32:19.886Z] Validating nodejs source
[warn] !  functions: package.json indicates an outdated version of firebase-functions. Please upgrade using npm install --save firebase-functions@latest in your functions directory. 
[warn] !  functions: Please note that there will be breaking changes when you upgrade. 
[debug] [2026-01-13T19:32:20.932Z] > [functions] package.json contents: {
  "name": "functions",
  "description": "Cloud Functions for Firebase",
  "scripts": {
    "build": "tsc",
    "serve": "npm run build && firebase emulators:start --only functions",
    "shell": "npm run build && firebase functions:shell",
    "start": "npm run shell",
    "deploy": "firebase deploy --only functions",
    "logs": "firebase functions:log"
  },
  "engines": {
    "node": "20"
  },
  "main": "lib/index.js",
  "dependencies": {
    "firebase-admin": "^12.0.0",
    "firebase-functions": "^4.5.0"
  },
  "devDependencies": {
    "typescript": "^5.3.3",
    "@types/node": "^20.10.6"
  },
  "private": true
}
[debug] [2026-01-13T19:32:20.933Z] Building nodejs source
[info] i  functions: Loading and analyzing source code for codebase default to determine what to deploy 
[info] i  functions: You are using a version of firebase-functions SDK (4.9.0) that does not have support for the newest Firebase Extensions features. Please update firebase-functions SDK to >=5.1.0 to use them correctly 
[debug] [2026-01-13T19:32:20.934Z] Could not find functions.yaml. Must use http discovery
[debug] [2026-01-13T19:32:20.947Z] Found firebase-functions binary at 'C:\Users\User1\Desktop\Progetti\Equippe\equippe-mvp\functions\node_modules\.bin\firebase-functions'
[info] Serving at port 8211

[debug] [2026-01-13T19:32:21.817Z] Got response from /__/functions.yaml {"endpoints":{"sendPushNotification":{"platform":"gcfv1","availableMemoryMb":null,"timeoutSeconds":null,"minInstances":null,"maxInstances":null,"ingressSettings":null,"serviceAccountEmail":null,"vpc":null,"region":["europe-west1"],"eventTrigger":{"eventType":"providers/cloud.firestore/eventTypes/document.create","eventFilters":{"resource":"projects/equippe-271f5/databases/(default)/documents/notifications/{notificationId}"},"retry":false},"labels":{},"entryPoint":"sendPushNotification"},"cleanupOldFCMTokens":{"platform":"gcfv1","availableMemoryMb":null,"timeoutSeconds":null,"minInstances":null,"maxInstances":null,"ingressSettings":null,"serviceAccountEmail":null,"vpc":null,"region":["europe-west1"],"scheduleTrigger":{"schedule":"0 2 * * *","retryConfig":{"retryCount":null,"maxDoublings":null,"maxRetryDuration":null,"maxBackoffDuration":null,"minBackoffDuration":null},"timeZone":"Europe/Rome"},"labels":{},"entryPoint":"cleanupOldFCMTokens"}},"specVersion":"v1alpha1","requiredAPIs":[{"api":"cloudscheduler.googleapis.com","reason":"Needed for scheduled functions."}]}
[info] i  functions: preparing functions directory for uploading... 
[info] i  functions: packaged C:\Users\User1\Desktop\Progetti\Equippe\equippe-mvp\functions (35.77 KB) for uploading 
[debug] [2026-01-13T19:32:25.923Z] Checked if tokens are valid: true, expires at: 1768334842243
[debug] [2026-01-13T19:32:25.923Z] Checked if tokens are valid: true, expires at: 1768334842243
[debug] [2026-01-13T19:32:25.923Z] >>> [apiv2][query] GET https://cloudfunctions.googleapis.com/v1/projects/equippe-271f5/locations/-/functions [none]
[debug] [2026-01-13T19:32:26.554Z] <<< [apiv2][status] GET https://cloudfunctions.googleapis.com/v1/projects/equippe-271f5/locations/-/functions 200
[debug] [2026-01-13T19:32:26.555Z] <<< [apiv2][body] GET https://cloudfunctions.googleapis.com/v1/projects/equippe-271f5/locations/-/functions {}
[debug] [2026-01-13T19:32:26.556Z] Checked if tokens are valid: true, expires at: 1768334842243
[debug] [2026-01-13T19:32:26.556Z] Checked if tokens are valid: true, expires at: 1768334842243
[debug] [2026-01-13T19:32:26.557Z] >>> [apiv2][query] GET https://cloudfunctions.googleapis.com/v2/projects/equippe-271f5/locations/-/functions filter=environment%3D%22GEN_2%22
[debug] [2026-01-13T19:32:27.615Z] <<< [apiv2][status] GET https://cloudfunctions.googleapis.com/v2/projects/equippe-271f5/locations/-/functions 200
[debug] [2026-01-13T19:32:27.616Z] <<< [apiv2][body] GET https://cloudfunctions.googleapis.com/v2/projects/equippe-271f5/locations/-/functions {}
[info] i  functions: ensuring required API cloudscheduler.googleapis.com is enabled... 
[debug] [2026-01-13T19:32:27.628Z] Checked if tokens are valid: true, expires at: 1768334842243
[debug] [2026-01-13T19:32:27.629Z] Checked if tokens are valid: true, expires at: 1768334842243
[debug] [2026-01-13T19:32:27.629Z] >>> [apiv2][query] GET https://serviceusage.googleapis.com/v1/projects/730568955288/services/cloudscheduler.googleapis.com [none]
[debug] [2026-01-13T19:32:27.629Z] >>> [apiv2][(partial)header] GET https://serviceusage.googleapis.com/v1/projects/730568955288/services/cloudscheduler.googleapis.com x-goog-quota-user=projects/730568955288
[debug] [2026-01-13T19:32:28.574Z] <<< [apiv2][status] GET https://serviceusage.googleapis.com/v1/projects/730568955288/services/cloudscheduler.googleapis.com 200
[debug] [2026-01-13T19:32:28.575Z] <<< [apiv2][body] GET https://serviceusage.googleapis.com/v1/projects/730568955288/services/cloudscheduler.googleapis.com [omitted]
[warn] !  functions: missing required API cloudscheduler.googleapis.com. Enabling now... 
[debug] [2026-01-13T19:32:28.578Z] Checked if tokens are valid: true, expires at: 1768334842243
[debug] [2026-01-13T19:32:28.579Z] Checked if tokens are valid: true, expires at: 1768334842243
[debug] [2026-01-13T19:32:28.579Z] >>> [apiv2][query] POST https://serviceusage.googleapis.com/v1/projects/730568955288/services/cloudscheduler.googleapis.com:enable [none]
[debug] [2026-01-13T19:32:28.580Z] >>> [apiv2][(partial)header] POST https://serviceusage.googleapis.com/v1/projects/730568955288/services/cloudscheduler.googleapis.com:enable x-goog-quota-user=projects/730568955288
[debug] [2026-01-13T19:32:29.191Z] <<< [apiv2][status] POST https://serviceusage.googleapis.com/v1/projects/730568955288/services/cloudscheduler.googleapis.com:enable 200
[debug] [2026-01-13T19:32:29.192Z] <<< [apiv2][body] POST https://serviceusage.googleapis.com/v1/projects/730568955288/services/cloudscheduler.googleapis.com:enable [omitted]
